Hinst Name                              Module Name               Inst Count           Total Area               Buffer             Inverter        Combinational                 Flop                Latch           Clock Gate                Macro             Physical
----------------------------------------------------------------------------------------------------------------------------------------------------------------------------------------------------------------------------------------------------------------------------------
PROCESSOR                                                               2066            18117.320              407.680              278.720             4750.200            12660.440               20.280                0.000                0.000                0.000
 IFU_module                             IFU                               33              112.320                2.080               14.560               58.240               37.440                0.000                0.000                0.000                0.000
  IFU_module/instr_mem                  INST_MEM                          23               56.680                0.000                7.800               48.880                0.000                0.000                0.000                0.000                0.000
 control_module                         CONTROL                           16               57.200                0.000                3.120               33.800                0.000               20.280                0.000                0.000                0.000
 datapath_module                        DATAPATH                        2013            17880.720              338.520              261.040             4658.160            12623.000                0.000                0.000                0.000                0.000
  datapath_module/alu_module            ALU                              866             4520.360                8.320              223.600             4288.440                0.000                0.000                0.000                0.000                0.000
   datapath_module/alu_module/add_34_34 add_unsigned_20                   31              286.000                0.000                0.000              286.000                0.000                0.000                0.000                0.000                0.000
   datapath_module/alu_module/mul_44_34 mult_unsigned                    506             2900.040                6.240              119.080             2774.720                0.000                0.000                0.000                0.000                0.000
   datapath_module/alu_module/sll_42_34 shift_left_vlog_unsigned          92              310.960                0.000               12.480              298.480                0.000                0.000                0.000                0.000                0.000
   datapath_module/alu_module/srl_43_34 shift_right_vlog_unsigned         30               80.600                0.000               12.480               68.120                0.000                0.000                0.000                0.000                0.000
   datapath_module/alu_module/sub_35_34 sub_unsigned                      69              344.760                0.000               57.720              287.040                0.000                0.000                0.000                0.000                0.000
  datapath_module/reg_file_module       REG_FILE                        1147            13360.360              330.200               37.440              369.720            12623.000                0.000                0.000                0.000                0.000
