###############################################################
#  Generated by:      Cadence Tempus 20.10-p003_1
#  OS:                Linux x86_64(Host ID edatools-server1.iiitd.edu.in)
#  Generated on:      Sun Mar 30 23:06:20 2025
#  Design:            PROCESSOR
#  Command:           report_constraints -all_violators > sta_after_synthesis/reports/allviolations_besttiming.rpt
###############################################################
# format : frame 0 : split 1

max_delay/setup
---------------------------
No paths found

min_delay/hold
---------------------------
No paths found

Check type : clock_period
---------------------------
No paths found

Check type : skew
---------------------------
No paths found

Check type : pulse_width
---------------------------
 No violating Checks with given description found

Check type : max_transition
---------------------------
 No Violations found

Check type : min_transition
---------------------------
 No Violations found

Check type : max_capacitance
---------------------------
     ----------------------------------------------------------------------------  
      Pin Name               Required          Actual            Slack             
     ----------------------------------------------------------------------------  
     datapath_module/reg_file_module/g37935/Y
                           0.051             0.078             -0.027
     datapath_module/reg_file_module/g37940/Y
                           0.060             0.085             -0.025
     datapath_module/reg_file_module/g37909/Y
                           0.025             0.041             -0.016
     datapath_module/reg_file_module/g37960/Y
                           0.051             0.067             -0.016
     datapath_module/reg_file_module/g37923/Y
                           0.051             0.064             -0.013
     datapath_module/reg_file_module/g37963/Y
                           0.025             0.038             -0.013
     datapath_module/reg_file_module/g37929/Y
                           0.051             0.062             -0.011
     datapath_module/alu_module/mul_44_34_g24787/Y
                           0.049             0.049             -0.000
     datapath_module/reg_file_module/g37949/Y
                           0.060             0.060             -0.000

Check type : min_capacitance
---------------------------
 No Violations found

Check type : max_fanout
---------------------------
 No Violations found

Check type : min_fanout
---------------------------
 No Violations found
