###############################################################
#  Generated by:      Cadence Tempus 20.10-p003_1
#  OS:                Linux x86_64(Host ID edatools-server1.iiitd.edu.in)
#  Generated on:      Sun Mar 30 23:06:19 2025
#  Design:            PROCESSOR
#  Command:           report_timing -late -early > $report_dir/GBA.rpt
###############################################################
Path 1: MET Setup Check with Pin datapath_module/reg_file_module/reg_memory_reg[0][20]118/CK 
Endpoint:   datapath_module/reg_file_module/reg_memory_reg[0][20]118/D (v) checked with  leading edge of 'clock'
Beginpoint: IFU_module/PC_reg[3]/Q                                     (^) triggered by  leading edge of 'clock'
Path Groups: {clock}
Other End Arrival Time          0.000
- Setup                         0.210
+ Phase Shift                   7.100
- Uncertainty                   2.000
= Required Time                 4.890
- Arrival Time                  4.828
= Slack Time                    0.063
     Clock Rise Edge                 0.000
     + Clock Network Latency (Ideal) 0.000
     = Beginpoint Arrival Time       0.000
      -----------------------------------------------------------------------------------------------------------
      Instance                                                  Arc           Cell       Delay  Arrival  Required  
                                                                                                Time     Time  
      -----------------------------------------------------------------------------------------------------------
      IFU_module/PC_reg[3]                                      CK ^          -          -      0.000    0.063  
      IFU_module/PC_reg[3]                                      CK ^ -> Q ^   SDFFRHQX4  0.624  0.624    0.687  
      IFU_module/instr_mem/g733                                 A ^ -> Y v    CLKINVX3   0.060  0.684    0.747  
      IFU_module/instr_mem/g712                                 B0 v -> Y ^   OAI21X4    0.060  0.744    0.807  
      IFU_module/instr_mem/g702                                 B ^ -> Y v    NAND2X6    0.089  0.833    0.896  
      datapath_module/reg_file_module/g38902                    A v -> Y ^    CLKINVX3   0.059  0.892    0.955  
      datapath_module/reg_file_module/g38901                    A ^ -> Y v    CLKINVX2   0.049  0.941    1.004  
      datapath_module/reg_file_module/g38912                    B v -> Y ^    NAND2BX2   0.058  0.999    1.062  
      datapath_module/reg_file_module/g38872                    A ^ -> Y v    CLKINVX2   0.051  1.050    1.113  
      datapath_module/reg_file_module/g38870                    A v -> Y ^    CLKINVX1   0.074  1.124    1.187  
      datapath_module/reg_file_module/g37965                    A0 ^ -> Y v   OAI21X1    0.106  1.230    1.293  
      datapath_module/reg_file_module/g37899                    B0 v -> Y ^   AOI211X2   0.145  1.375    1.437  
      datapath_module/reg_file_module/g37893                    B ^ -> Y v    NAND2X2    0.097  1.472    1.534  
      datapath_module/alu_module/mul_44_34_g25345               A v -> Y v    BUFX3      0.182  1.654    1.716  
      datapath_module/alu_module/g25570                         B1 v -> Y v   AO22X4     0.301  1.955    2.017  
      datapath_module/alu_module/mul_44_34_g24579               B1 v -> Y ^   AOI22X2    0.128  2.082    2.145  
      datapath_module/alu_module/mul_44_34_g24306               A ^ -> CO ^   ADDFHX1    0.238  2.321    2.383  
      datapath_module/alu_module/mul_44_34_g24277               CI ^ -> S v   ADDFHXL    0.325  2.645    2.708  
      datapath_module/alu_module/mul_44_34_g24238               CI v -> S ^   ADDFHXL    0.356  3.001    3.064  
      datapath_module/alu_module/mul_44_34_g24225               B ^ -> Y v    NAND2X1    0.116  3.117    3.180  
      datapath_module/alu_module/mul_44_34_g24203               A1 v -> Y ^   AOI21X1    0.134  3.251    3.313  
      datapath_module/alu_module/mul_44_34_g24176               A1 ^ -> Y v   OAI21X1    0.107  3.358    3.420  
      datapath_module/alu_module/mul_44_34_g24153               A1 v -> Y ^   AOI21X2    0.099  3.456    3.519  
      datapath_module/alu_module/mul_44_34_g24124               A ^ -> Y v    NAND2X2    0.082  3.538    3.601  
      datapath_module/alu_module/mul_44_34_g24109               B v -> Y ^    NAND2X2    0.064  3.602    3.665  
      datapath_module/alu_module/mul_44_34_g24097               B ^ -> Y v    NOR2BX2    0.053  3.655    3.717  
      datapath_module/alu_module/mul_44_34_g24092               B v -> Y ^    NAND2BX2   0.050  3.705    3.768  
      datapath_module/alu_module/mul_44_34_g24064               B ^ -> Y v    NAND2X2    0.080  3.785    3.848  
      datapath_module/alu_module/mul_44_34_g23987               B v -> Y ^    NAND2BX2   0.064  3.849    3.912  
      datapath_module/alu_module/mul_44_34_g23977               B ^ -> Y v    NAND2XL    0.156  4.005    4.067  
      datapath_module/alu_module/mul_44_34_g23976               A v -> Y ^    CLKINVX1   0.090  4.095    4.157  
      datapath_module/alu_module/mul_44_34_g23952               B ^ -> Y v    MXI2XL     0.086  4.181    4.243  
      datapath_module/alu_module/g7121                          A1N v -> Y v  OAI2BB1X1  0.647  4.828    4.890  
      datapath_module/reg_file_module/reg_memory_reg[0][20]118  D v           SDFFQX1    0.000  4.828    4.890  
      -----------------------------------------------------------------------------------------------------------

###############################################################
#  Generated by:      Cadence Tempus 20.10-p003_1
#  OS:                Linux x86_64(Host ID edatools-server1.iiitd.edu.in)
#  Generated on:      Sun Mar 30 23:06:20 2025
#  Design:            PROCESSOR
#  Command:           report_timing -late -early > $report_dir/GBA.rpt
###############################################################
Path 1: MET Hold Check with Pin IFU_module/PC_reg[3]/CK 
Endpoint:   IFU_module/PC_reg[3]/SI (v) checked with  leading edge of 'clock'
Beginpoint: IFU_module/PC_reg[2]/Q  (^) triggered by  leading edge of 'clock'
Path Groups: {clock}
Other End Arrival Time          0.000
+ Hold                          0.568
+ Phase Shift                   0.000
= Required Time                 0.568
  Arrival Time                  0.676
  Slack Time                    0.108
     Clock Rise Edge                 0.000
     + Clock Network Latency (Ideal) 0.000
     = Beginpoint Arrival Time       0.000
      ----------------------------------------------------------------------
      Instance              Arc          Cell       Delay  Arrival  Required  
                                                           Time     Time  
      ----------------------------------------------------------------------
      IFU_module/PC_reg[2]  CK ^         -          -      0.000    -0.108  
      IFU_module/PC_reg[2]  CK ^ -> Q ^  DFFRHQX4   0.614  0.614    0.506  
      IFU_module/g554       A ^ -> Y v   CLKINVX1   0.062  0.676    0.568  
      IFU_module/PC_reg[3]  SI v         SDFFRHQX4  0.000  0.676    0.568  
      ----------------------------------------------------------------------

