###############################################################
#  Generated by:      Cadence Tempus 20.10-p003_1
#  OS:                Linux x86_64(Host ID edatools-server1.iiitd.edu.in)
#  Generated on:      Tue Apr 15 19:30:43 2025
#  Design:            PROCESSOR
#  Command:           report_analysis_summary > $report_dir/analysis_summary_best_time_sta.rpt
###############################################################

REPORT ANALYSIS SUMMARY (View:default_emulate_view) (EL:Setup)
=========================================================================================================================================================================================================

GroupType:Standard
=========================================================================================================================================================================================================

         All                             IN2REG                          IN2OUT                           REG2REG                              REG2OUT
    -----------------------------------------------------------------------------------------------------------------------------------------------------------------------------------------------------  
     WNS:TNS:#VIO                     WNS:TNS:#VIO                     WNS:TNS:#VIO                     WNS:TNS:#VIO                     WNS:TNS:#VIO                     FromClk->ToClk                   
    -----------------------------------------------------------------------------------------------------------------------------------------------------------------------------------------------------  
    -0.170:-16.860:192               0.000:0.000:0                    0.000:0.000:0                    -0.170:-16.860:192               0.000:0.000:0                    *->clock

REPORT ANALYSIS SUMMARY (View:default_emulate_view) (EL:Hold)
=========================================================================================================================================================================================================

GroupType:Async
=========================================================================================================================================================================================================

         All                             IN2REG                          IN2OUT                           REG2REG                              REG2OUT
    -----------------------------------------------------------------------------------------------------------------------------------------------------------------------------------------------------  
     WNS:TNS:#VIO                     WNS:TNS:#VIO                     WNS:TNS:#VIO                     WNS:TNS:#VIO                     WNS:TNS:#VIO                     FromClk->ToClk                   
    -----------------------------------------------------------------------------------------------------------------------------------------------------------------------------------------------------  
    -0.813:-2.392:3                  -0.813:-2.392:3                  0.000:0.000:0                    0.000:0.000:0                    0.000:0.000:0                    *->*

GroupType:Standard
=========================================================================================================================================================================================================

         All                             IN2REG                          IN2OUT                           REG2REG                              REG2OUT
    -----------------------------------------------------------------------------------------------------------------------------------------------------------------------------------------------------  
     WNS:TNS:#VIO                     WNS:TNS:#VIO                     WNS:TNS:#VIO                     WNS:TNS:#VIO                     WNS:TNS:#VIO                     FromClk->ToClk                   
    -----------------------------------------------------------------------------------------------------------------------------------------------------------------------------------------------------  
    -0.758:-684.058:1028             -0.758:-684.058:1028             0.000:0.000:0                    0.000:0.000:0                    0.000:0.000:0                    *->clock
