###############################################################
#  Generated by:      Cadence Tempus 20.10-p003_1
#  OS:                Linux x86_64(Host ID edatools-server1.iiitd.edu.in)
#  Generated on:      Tue Apr 15 19:30:43 2025
#  Design:            PROCESSOR
#  Command:           check_timing > $report_dir/check_timing_best_time_sta.rpt
###############################################################
    -------------------------------------------------------------------------------  
                                 TIMING CHECK SUMMARY                                
    -------------------------------------------------------------------------------  
     Warning                            Warning Description              Number of   
                                                                         Warnings    
    -------------------------------------------------------------------------------  
    clock_expected           Clock not found where clock is expected    3
    ideal_clock_waveform     Clock waveform is ideal                    1
    no_drive                 No drive assertion                         4
    no_input_delay           No input delay assertion with respect to clock
                                                                        3
    uncons_endpoint          Unconstrained signal arriving at end point 5
    -------------------------------------------------------------------------------
