###############################################################
#  Generated by:      Cadence Tempus 20.10-p003_1
#  OS:                Linux x86_64(Host ID edatools-server1.iiitd.edu.in)
#  Generated on:      Tue Apr 15 19:30:43 2025
#  Design:            PROCESSOR
#  Command:           report_timing > $report_dir/timing_report_best_time_sta.rpt
###############################################################
Path 1: VIOLATED Setup Check with Pin datapath_module/reg_file_module/reg_memory_reg[10][31]737/CP 
Endpoint:   datapath_module/reg_file_module/reg_memory_reg[10][31]737/D (^) checked with  leading edge of 'clock'
Beginpoint: IFU_module/PC_reg[2]/QN                                     (v) triggered by  leading edge of 'clock'
Path Groups: {clock}
Other End Arrival Time          0.000
- Setup                        -0.402
+ Phase Shift                   7.100
- Uncertainty                   2.000
= Required Time                 5.502
- Arrival Time                  5.672
= Slack Time                   -0.170
     Clock Rise Edge                 0.000
     + Clock Network Latency (Ideal) 0.000
     = Beginpoint Arrival Time       0.000
      ----------------------------------------------------------------------------------------------------------------------
      Instance                                                    Arc           Cell                Delay  Arrival  Required  
                                                                                                           Time     Time  
      ----------------------------------------------------------------------------------------------------------------------
      IFU_module/PC_reg[2]                                        CP ^          -                   -      0.000    -0.170  
      IFU_module/PC_reg[2]                                        CP ^ -> QN v  HS65_LS_SDFPRQNX9   1.093  1.093    0.923  
      IFU_module/FE_OFC36_n_8                                     A v -> Z ^    HS65_LS_IVX9        0.134  1.227    1.056  
      IFU_module/instr_mem/g682                                   A ^ -> Z ^    HS65_LS_NAND2AX7    0.171  1.398    1.228  
      IFU_module/instr_mem/g673                                   B ^ -> Z v    HS65_LS_NAND2X7     0.125  1.523    1.353  
      datapath_module/reg_file_module/g31654                      B v -> Z v    HS65_LS_AND2X4      0.180  1.703    1.532  
      datapath_module/reg_file_module/g31652                      A v -> Z ^    HS65_LS_IVX9        0.067  1.770    1.600  
      datapath_module/reg_file_module/g31626                      B ^ -> Z v    HS65_LS_NOR2X6      0.061  1.831    1.660  
      datapath_module/reg_file_module/FE_RC_120_0                 A v -> Z ^    HS65_LS_IVX9        0.042  1.873    1.702  
      datapath_module/reg_file_module/g31246                      A ^ -> Z ^    HS65_LS_NOR2AX3     0.102  1.975    1.804  
      datapath_module/reg_file_module/g31011                      B ^ -> Z ^    HS65_LS_AND3X9      0.161  2.136    1.965  
      datapath_module/reg_file_module/g31904                      D ^ -> Z v    HS65_LS_NAND4ABX13  0.235  2.371    2.201  
      datapath_module/alu_module/mul_44_34/FE_OFC29_read_data2_0  A v -> Z v    HS65_LS_BFX9        0.338  2.708    2.538  
      datapath_module/alu_module/mul_44_34/g25273                 B v -> Z v    HS65_LS_OR2X27      0.195  2.904    2.733  
      datapath_module/alu_module/mul_44_34/FE_OFC1_n_81           A v -> Z ^    HS65_LS_IVX27       0.095  2.999    2.829  
      datapath_module/alu_module/mul_44_34/g24811                 B ^ -> Z ^    HS65_LS_AO22X9      0.180  3.179    3.009  
      datapath_module/alu_module/mul_44_34/g24533                 B ^ -> Z v    HS65_LS_NAND2X14    0.064  3.243    3.073  
      datapath_module/alu_module/mul_44_34/FE_RC_64_0             B v -> Z ^    HS65_LS_NOR2X6      0.073  3.317    3.146  
      datapath_module/alu_module/mul_44_34/g24404                 P ^ -> Z ^    HS65_LS_PAO2X18     0.121  3.437    3.267  
      datapath_module/alu_module/mul_44_34/g24377                 B ^ -> Z v    HS65_LS_NAND2X14    0.044  3.481    3.311  
      datapath_module/alu_module/mul_44_34/g24375                 B v -> Z ^    HS65_LS_NAND2X14    0.040  3.522    3.351  
      datapath_module/alu_module/mul_44_34/g24334                 B ^ -> Z v    HS65_LS_NAND2X14    0.046  3.567    3.397  
      datapath_module/alu_module/mul_44_34/g24329                 B v -> Z ^    HS65_LS_NAND2X14    0.050  3.618    3.448  
      datapath_module/alu_module/mul_44_34/g24300                 CI ^ -> CO ^  HS65_LSS1_FA1X35    0.108  3.726    3.556  
      datapath_module/alu_module/mul_44_34/g24297                 B ^ -> Z v    HS65_LS_NAND2X14    0.035  3.761    3.590  
      datapath_module/alu_module/mul_44_34/g24295                 B v -> Z ^    HS65_LS_NAND2X14    0.039  3.800    3.629  
      datapath_module/alu_module/mul_44_34/g25444                 B ^ -> Z ^    HS65_LS_AO12X27     0.092  3.892    3.722  
      datapath_module/alu_module/mul_44_34/g24260                 CI ^ -> CO ^  HS65_LSS1_FA1X35    0.103  3.995    3.825  
      datapath_module/alu_module/mul_44_34/g24245                 CI ^ -> CO ^  HS65_LSS1_FA1X35    0.096  4.091    3.921  
      datapath_module/alu_module/mul_44_34/g24233                 CI ^ -> CO ^  HS65_LSS1_FA1X35    0.096  4.187    4.017  
      datapath_module/alu_module/mul_44_34/g24218                 CI ^ -> CO ^  HS65_LSS1_FA1X35    0.096  4.283    4.113  
      datapath_module/alu_module/mul_44_34/g24207                 CI ^ -> CO ^  HS65_LSS1_FA1X35    0.096  4.379    4.209  
      datapath_module/alu_module/mul_44_34/g24194                 CI ^ -> CO ^  HS65_LSS1_FA1X35    0.095  4.473    4.303  
      datapath_module/alu_module/mul_44_34/g24190                 B ^ -> Z v    HS65_LS_NAND2X14    0.044  4.517    4.347  
      datapath_module/alu_module/mul_44_34/g24181                 B v -> Z ^    HS65_LS_NOR2AX19    0.052  4.569    4.399  
      datapath_module/alu_module/mul_44_34/g24177                 B ^ -> Z v    HS65_LS_NOR2X19     0.046  4.615    4.445  
      datapath_module/alu_module/mul_44_34/g24166                 B v -> Z ^    HS65_LS_OAI12X12    0.059  4.674    4.504  
      datapath_module/alu_module/mul_44_34/g24152                 B ^ -> Z v    HS65_LS_CBI4I1X11   0.084  4.758    4.588  
      datapath_module/alu_module/mul_44_34/g24150                 B v -> Z ^    HS65_LS_NAND2X14    0.065  4.823    4.653  
      datapath_module/alu_module/mul_44_34/g25422                 D ^ -> Z v    HS65_LS_NAND4ABX13  0.077  4.901    4.731  
      datapath_module/alu_module/mul_44_34/g24115                 B v -> Z ^    HS65_LS_NAND2X21    0.058  4.958    4.788  
      datapath_module/alu_module/mul_44_34/g24114                 B ^ -> Z v    HS65_LS_NAND2AX21   0.049  5.007    4.837  
      datapath_module/alu_module/mul_44_34/g24111                 B v -> Z ^    HS65_LS_NAND2X14    0.044  5.051    4.881  
      datapath_module/alu_module/mul_44_34/g24109                 B ^ -> Z v    HS65_LS_NAND2X14    0.053  5.104    4.934  
      datapath_module/alu_module/mul_44_34/g24107                 B v -> Z ^    HS65_LS_NAND2X21    0.052  5.156    4.986  
      datapath_module/alu_module/mul_44_34/g24106                 CI ^ -> CO ^  HS65_LSS1_FA1X35    0.097  5.253    5.083  
      datapath_module/alu_module/mul_44_34/g25409                 C ^ -> Z ^    HS65_LS_XOR3X9      0.137  5.390    5.219  
      datapath_module/alu_module/g7210                            B ^ -> Z ^    HS65_LS_AO12X18     0.110  5.499    5.329  
      datapath_module/reg_file_module/FE_OFC11_write_data_31      A ^ -> Z v    HS65_LS_IVX53       0.083  5.582    5.412  
      datapath_module/reg_file_module/g6108                       D0 v -> Z ^   HS65_LS_MUX21I1X6   0.090  5.672    5.502  
      datapath_module/reg_file_module/reg_memory_reg[10][31]737   D ^           HS65_LS_SDFPRQTX9   0.000  5.672    5.502  
      ----------------------------------------------------------------------------------------------------------------------

