###############################################################
#  Generated by:      Cadence Tempus 20.10-p003_1
#  OS:                Linux x86_64(Host ID edatools-server1.iiitd.edu.in)
#  Generated on:      Sat Apr 12 19:18:46 2025
#  Design:            PROCESSOR
#  Command:           report_timing > $report_dir/timing_report_best_time_sta.rpt
###############################################################
Path 1: VIOLATED Setup Check with Pin datapath_module/reg_file_module/reg_memory_reg[0][30]128/CP 
Endpoint:   datapath_module/reg_file_module/reg_memory_reg[0][30]128/D (^) checked with  leading edge of 'clock'
Beginpoint: IFU_module/PC_reg[3]/Q                                     (^) triggered by  leading edge of 'clock'
Path Groups: {clock}
Other End Arrival Time          0.000
- Setup                        -0.171
+ Phase Shift                   7.100
- Uncertainty                   2.000
= Required Time                 5.271
- Arrival Time                  5.437
= Slack Time                   -0.167
     Clock Rise Edge                 0.000
     + Clock Network Latency (Ideal) 0.000
     = Beginpoint Arrival Time       0.000
      --------------------------------------------------------------------------------------------------------------------
      Instance                                                    Arc           Cell              Delay  Arrival  Required  
                                                                                                         Time     Time  
      --------------------------------------------------------------------------------------------------------------------
      IFU_module/PC_reg[3]                                        CP ^          -                 -      0.000    -0.167  
      IFU_module/PC_reg[3]                                        CP ^ -> Q ^   HS65_LS_SDFPRQX4  0.842  0.842    0.675  
      IFU_module/instr_mem/FE_OFC25_instruction_code_22           A ^ -> Z v    HS65_LS_IVX7      0.081  0.923    0.756  
      IFU_module/instr_mem/g723                                   D v -> Z v    HS65_LS_AO22X9    0.128  1.050    0.883  
      datapath_module/reg_file_module/g21715                      B v -> Z ^    HS65_LS_NOR2X6    0.076  1.126    0.960  
      datapath_module/reg_file_module/g21954                      A ^ -> Z ^    HS65_LS_NOR2AX3   0.157  1.284    1.117  
      datapath_module/reg_file_module/FE_RC_119_0                 A ^ -> Z v    HS65_LS_NOR2X6    0.059  1.343    1.176  
      datapath_module/reg_file_module/g21186                      B v -> Z v    HS65_LS_AND2X4    0.062  1.405    1.238  
      datapath_module/reg_file_module/g21955                      C v -> Z ^    HS65_LS_OR3ABCX9  0.190  1.595    1.428  
      datapath_module/alu_module/mul_44_34/FE_OFC21_read_data2_1  A ^ -> Z ^    HS65_LS_BFX9      0.243  1.837    1.671  
      datapath_module/alu_module/mul_44_34/FE_OFC23_read_data2_1  A ^ -> Z v    HS65_LS_IVX9      0.225  2.062    1.895  
      datapath_module/alu_module/mul_44_34/g12274                 C v -> Z ^    HS65_LS_OAI22X6   0.116  2.178    2.011  
      datapath_module/alu_module/mul_44_34/g12765                 B ^ -> Z ^    HS65_LS_AO22X9    0.093  2.271    2.105  
      datapath_module/alu_module/mul_44_34/g11783                 B0 ^ -> S0 v  HS65_LS_FA1X4     0.149  2.421    2.254  
      datapath_module/alu_module/mul_44_34/g11716                 B0 v -> CO v  HS65_LS_FA1X4     0.125  2.546    2.379  
      datapath_module/alu_module/mul_44_34/g11693                 CI v -> CO v  HS65_LS_FA1X4     0.127  2.673    2.506  
      datapath_module/alu_module/mul_44_34/g12747                 P v -> Z v    HS65_LS_PAO2X9    0.084  2.757    2.590  
      datapath_module/alu_module/mul_44_34/g11662                 CI v -> CO v  HS65_LS_FA1X4     0.105  2.862    2.696  
      datapath_module/alu_module/mul_44_34/g11650                 CI v -> CO v  HS65_LS_FA1X4     0.113  2.975    2.809  
      datapath_module/alu_module/mul_44_34/g12784                 CI v -> CO v  HS65_LS_FA1X4     0.113  3.089    2.922  
      datapath_module/alu_module/mul_44_34/g11632                 CI v -> CO v  HS65_LS_FA1X4     0.113  3.202    3.035  
      datapath_module/alu_module/mul_44_34/g11624                 CI v -> CO v  HS65_LS_FA1X4     0.113  3.315    3.148  
      datapath_module/alu_module/mul_44_34/g11617                 CI v -> CO v  HS65_LS_FA1X4     0.113  3.428    3.262  
      datapath_module/alu_module/mul_44_34/g12783                 CI v -> CO v  HS65_LS_FA1X4     0.113  3.541    3.375  
      datapath_module/alu_module/mul_44_34/g12782                 CI v -> CO v  HS65_LS_FA1X4     0.113  3.655    3.488  
      datapath_module/alu_module/mul_44_34/g12781                 CI v -> CO v  HS65_LS_FA1X4     0.113  3.768    3.601  
      datapath_module/alu_module/mul_44_34/g12780                 CI v -> CO v  HS65_LS_FA1X4     0.113  3.881    3.714  
      datapath_module/alu_module/mul_44_34/g12779                 CI v -> CO v  HS65_LS_FA1X4     0.113  3.994    3.828  
      datapath_module/alu_module/mul_44_34/g12778                 CI v -> CO v  HS65_LS_FA1X4     0.118  4.112    3.946  
      datapath_module/alu_module/mul_44_34/g12777                 CI v -> CO v  HS65_LS_FA1X9     0.098  4.211    4.044  
      datapath_module/alu_module/mul_44_34/g12776                 CI v -> CO v  HS65_LS_FA1X9     0.091  4.302    4.135  
      datapath_module/alu_module/mul_44_34/g12775                 CI v -> CO v  HS65_LS_FA1X9     0.091  4.393    4.226  
      datapath_module/alu_module/mul_44_34/g12774                 CI v -> CO v  HS65_LS_FA1X9     0.091  4.484    4.317  
      datapath_module/alu_module/mul_44_34/g12773                 CI v -> CO v  HS65_LS_FA1X9     0.091  4.574    4.408  
      datapath_module/alu_module/mul_44_34/g12772                 CI v -> CO v  HS65_LS_FA1X9     0.091  4.665    4.499  
      datapath_module/alu_module/mul_44_34/g12771                 CI v -> CO v  HS65_LS_FA1X9     0.091  4.756    4.590  
      datapath_module/alu_module/mul_44_34/g12770                 CI v -> CO v  HS65_LS_FA1X9     0.091  4.847    4.681  
      datapath_module/alu_module/mul_44_34/g12769                 CI v -> CO v  HS65_LS_FA1X9     0.091  4.938    4.771  
      datapath_module/alu_module/mul_44_34/g12768                 CI v -> CO v  HS65_LS_FA1X9     0.091  5.029    4.862  
      datapath_module/alu_module/mul_44_34/g12767                 CI v -> CO v  HS65_LS_FA1X9     0.088  5.117    4.950  
      datapath_module/alu_module/mul_44_34/g12766                 CI v -> S0 ^  HS65_LS_FA1X4     0.160  5.277    5.111  
      datapath_module/alu_module/g6799                            B ^ -> Z ^    HS65_LS_AO112X18  0.141  5.418    5.251  
      datapath_module/reg_file_module/reg_memory_reg[0][30]128    D ^           HS65_LS_SDFPHQX9  0.019  5.437    5.271  
      --------------------------------------------------------------------------------------------------------------------

