 *** Starting Verify DRC (MEM: 1312.6) ***

  VERIFY DRC ...... Starting Verification
  VERIFY DRC ...... Initializing
  VERIFY DRC ...... Deleting Existing Violations
  VERIFY DRC ...... Creating Sub-Areas
  VERIFY DRC ...... Using new threading
  VERIFY DRC ...... Sub-Area: {0.000 0.000 77.760 74.880} 1 of 9
  VERIFY DRC ...... Sub-Area : 1 complete 608 Viols.
  VERIFY DRC ...... Sub-Area: {77.760 0.000 155.520 74.880} 2 of 9
**WARN: (IMPVFG-1103):	VERIFY DRC did not complete: Number of violations exceeds the Error Limit [1000]

  Verification Complete : 1000 Viols.

 Violation Summary By Layer and Type:

	         MinWid      Mar    Short   MetSpc outOfDie   Totals
	M1          428        0        0        0        0      428
	M2          288       98       14       24        0      424
	M3          102        3        2        0        1      108
	M4            0        0        0        1        0        1
	M7            0        0       39        0        0       39
	Totals      818      101       55       25        1     1000

 *** End Verify DRC (CPU: 0:00:00.3  ELAPSED TIME: 0.00  MEM: 0.0M) ***

